#-----------------------------------------------------------
# Vivado v2022.2 (64-bit)
# SW Build 3671981 on Fri Oct 14 05:00:03 MDT 2022
# IP Build 3669848 on Fri Oct 14 08:30:02 MDT 2022
# Start of session at: Wed Dec  4 16:25:40 2024
# Process ID: 65096
# Current directory: C:/Users/conno/Documents/Stuff/UIUC/2024-2025/FALL/ECE385/final/repo/SPI_testing
# Command line: vivado.exe -gui_launcher_event rodinguilauncherevent70468 C:\Users\conno\Documents\Stuff\UIUC\2024-2025\FALL\ECE385\final\repo\SPI_testing\SPI_testing.xpr
# Log file: C:/Users/conno/Documents/Stuff/UIUC/2024-2025/FALL/ECE385/final/repo/SPI_testing/vivado.log
# Journal file: C:/Users/conno/Documents/Stuff/UIUC/2024-2025/FALL/ECE385/final/repo/SPI_testing\vivado.jou
# Running On: Connors_laptop, OS: Windows, CPU Frequency: 2496 MHz, CPU Physical cores: 12, Host memory: 34042 MB
#-----------------------------------------------------------
start_gui
open_project C:/Users/conno/Documents/Stuff/UIUC/2024-2025/FALL/ECE385/final/repo/SPI_testing/SPI_testing.xpr
update_compile_order -fileset sources_1
open_run synth_1 -name synth_1
set_property IOSTANDARD LVCMOS25 [get_ports [list {data_word_send[7]} {data_word_send[6]} {data_word_send[5]} {data_word_send[4]} {data_word_send[3]} {data_word_send[2]} {data_word_send[1]} {data_word_send[0]}]]
place_ports {data_word_send[7]} C17
startgroup
set_property package_pin "" [get_ports [list  {accelerometer_data[1]}]]
place_ports {data_word_send[6]} C14
endgroup
place_ports {data_word_send[7]} G17
place_ports {accelerometer_data[1]} C17
startgroup
set_property package_pin "" [get_ports [list  {data_word_send[6]}]]
place_ports {accelerometer_data[1]} C14
endgroup
place_ports {data_word_send[6]} E18
place_ports {data_word_send[5]} D18
place_ports {data_word_send[4]} C18
place_ports {data_word_send[3]} B17
place_ports {data_word_send[2]} A17
place_ports {data_word_send[1]} B18
place_ports {data_word_send[0]} C17
save_constraints
reset_run impl_1
launch_runs impl_1 -jobs 8
delete_debug_core [get_debug_cores {u_ila_0 }]
create_debug_core u_ila_0 ila
set_property C_DATA_DEPTH 8192 [get_debug_cores u_ila_0]
set_property C_TRIGIN_EN false [get_debug_cores u_ila_0]
set_property C_TRIGOUT_EN false [get_debug_cores u_ila_0]
set_property C_ADV_TRIGGER false [get_debug_cores u_ila_0]
set_property C_INPUT_PIPE_STAGES 0 [get_debug_cores u_ila_0]
set_property C_EN_STRG_QUAL false [get_debug_cores u_ila_0]
set_property ALL_PROBE_SAME_MU true [get_debug_cores u_ila_0]
set_property ALL_PROBE_SAME_MU_CNT 1 [get_debug_cores u_ila_0]
connect_debug_port u_ila_0/clk [get_nets [list clk_IBUF_BUFG ]]
set_property port_width 7 [get_debug_ports u_ila_0/probe0]
set_property PROBE_TYPE DATA_AND_TRIGGER [get_debug_ports u_ila_0/probe0]
connect_debug_port u_ila_0/probe0 [get_nets [list {accelerometer_master/data_word_send_OBUF[0]} {accelerometer_master/data_word_send_OBUF[1]} {accelerometer_master/data_word_send_OBUF[2]} {accelerometer_master/data_word_send_OBUF[3]} {accelerometer_master/data_word_send_OBUF[4]} {accelerometer_master/data_word_send_OBUF[5]} {accelerometer_master/data_word_send_OBUF[6]} ]]
create_debug_port u_ila_0 probe
set_property port_width 8 [get_debug_ports u_ila_0/probe1]
set_property PROBE_TYPE DATA_AND_TRIGGER [get_debug_ports u_ila_0/probe1]
connect_debug_port u_ila_0/probe1 [get_nets [list {accelerometer_master/recv_data[0]} {accelerometer_master/recv_data[1]} {accelerometer_master/recv_data[2]} {accelerometer_master/recv_data[3]} {accelerometer_master/recv_data[4]} {accelerometer_master/recv_data[5]} {accelerometer_master/recv_data[6]} {accelerometer_master/recv_data[7]} ]]
create_debug_port u_ila_0 probe
set_property port_width 1 [get_debug_ports u_ila_0/probe2]
set_property PROBE_TYPE DATA_AND_TRIGGER [get_debug_ports u_ila_0/probe2]
connect_debug_port u_ila_0/probe2 [get_nets [list clk_IBUF ]]
create_debug_port u_ila_0 probe
set_property port_width 1 [get_debug_ports u_ila_0/probe3]
set_property PROBE_TYPE DATA_AND_TRIGGER [get_debug_ports u_ila_0/probe3]
connect_debug_port u_ila_0/probe3 [get_nets [list {accelerometer_master/FSM_onehot_current_state_reg_n_0_[0]} ]]
create_debug_port u_ila_0 probe
set_property port_width 1 [get_debug_ports u_ila_0/probe4]
set_property PROBE_TYPE DATA_AND_TRIGGER [get_debug_ports u_ila_0/probe4]
connect_debug_port u_ila_0/probe4 [get_nets [list {accelerometer_master/FSM_onehot_current_state_reg_n_0_[1]} ]]
create_debug_port u_ila_0 probe
set_property port_width 1 [get_debug_ports u_ila_0/probe5]
set_property PROBE_TYPE DATA_AND_TRIGGER [get_debug_ports u_ila_0/probe5]
connect_debug_port u_ila_0/probe5 [get_nets [list {accelerometer_master/FSM_onehot_current_state_reg_n_0_[3]} ]]
create_debug_port u_ila_0 probe
set_property port_width 1 [get_debug_ports u_ila_0/probe6]
set_property PROBE_TYPE DATA_AND_TRIGGER [get_debug_ports u_ila_0/probe6]
connect_debug_port u_ila_0/probe6 [get_nets [list {accelerometer_master/FSM_onehot_current_state_reg_n_0_[5]} ]]
create_debug_port u_ila_0 probe
set_property port_width 1 [get_debug_ports u_ila_0/probe7]
set_property PROBE_TYPE DATA_AND_TRIGGER [get_debug_ports u_ila_0/probe7]
connect_debug_port u_ila_0/probe7 [get_nets [list {accelerometer_master/FSM_onehot_current_state_reg_n_0_[7]} ]]
create_debug_port u_ila_0 probe
set_property port_width 1 [get_debug_ports u_ila_0/probe8]
set_property PROBE_TYPE DATA_AND_TRIGGER [get_debug_ports u_ila_0/probe8]
connect_debug_port u_ila_0/probe8 [get_nets [list {accelerometer_master/FSM_onehot_current_state_reg_n_0_[8]} ]]
create_debug_port u_ila_0 probe
set_property port_width 1 [get_debug_ports u_ila_0/probe9]
set_property PROBE_TYPE DATA_AND_TRIGGER [get_debug_ports u_ila_0/probe9]
connect_debug_port u_ila_0/probe9 [get_nets [list {accelerometer_master/FSM_onehot_current_state_reg_n_0_[9]} ]]
create_debug_port u_ila_0 probe
set_property port_width 1 [get_debug_ports u_ila_0/probe10]
set_property PROBE_TYPE DATA_AND_TRIGGER [get_debug_ports u_ila_0/probe10]
connect_debug_port u_ila_0/probe10 [get_nets [list miso_IBUF ]]
create_debug_port u_ila_0 probe
set_property port_width 1 [get_debug_ports u_ila_0/probe11]
set_property PROBE_TYPE DATA_AND_TRIGGER [get_debug_ports u_ila_0/probe11]
connect_debug_port u_ila_0/probe11 [get_nets [list mosi_OBUF ]]
create_debug_port u_ila_0 probe
set_property port_width 1 [get_debug_ports u_ila_0/probe12]
set_property PROBE_TYPE DATA_AND_TRIGGER [get_debug_ports u_ila_0/probe12]
connect_debug_port u_ila_0/probe12 [get_nets [list sclk_OBUF ]]
create_debug_port u_ila_0 probe
set_property port_width 1 [get_debug_ports u_ila_0/probe13]
set_property PROBE_TYPE DATA_AND_TRIGGER [get_debug_ports u_ila_0/probe13]
connect_debug_port u_ila_0/probe13 [get_nets [list ss_OBUF ]]
save_constraints
launch_runs impl_1 -jobs 8
wait_on_run impl_1
close_design
open_run impl_1
launch_runs impl_1 -to_step write_bitstream -jobs 8
wait_on_run impl_1
open_hw_manager
connect_hw_server -allow_non_jtag
open_hw_target
set_property PROGRAM.FILE {C:/Users/conno/Documents/Stuff/UIUC/2024-2025/FALL/ECE385/final/repo/SPI_testing/SPI_testing.runs/impl_1/adxl345_top.bit} [get_hw_devices xc7s50_0]
set_property PROBES.FILE {C:/Users/conno/Documents/Stuff/UIUC/2024-2025/FALL/ECE385/final/repo/SPI_testing/SPI_testing.runs/impl_1/adxl345_top.ltx} [get_hw_devices xc7s50_0]
set_property FULL_PROBES.FILE {C:/Users/conno/Documents/Stuff/UIUC/2024-2025/FALL/ECE385/final/repo/SPI_testing/SPI_testing.runs/impl_1/adxl345_top.ltx} [get_hw_devices xc7s50_0]
current_hw_device [get_hw_devices xc7s50_0]
refresh_hw_device [lindex [get_hw_devices xc7s50_0] 0]
set_property PROBES.FILE {C:/Users/conno/Documents/Stuff/UIUC/2024-2025/FALL/ECE385/final/repo/SPI_testing/SPI_testing.runs/impl_1/adxl345_top.ltx} [get_hw_devices xc7s50_0]
set_property FULL_PROBES.FILE {C:/Users/conno/Documents/Stuff/UIUC/2024-2025/FALL/ECE385/final/repo/SPI_testing/SPI_testing.runs/impl_1/adxl345_top.ltx} [get_hw_devices xc7s50_0]
set_property PROGRAM.FILE {C:/Users/conno/Documents/Stuff/UIUC/2024-2025/FALL/ECE385/final/repo/SPI_testing/SPI_testing.runs/impl_1/adxl345_top.bit} [get_hw_devices xc7s50_0]
program_hw_devices [get_hw_devices xc7s50_0]
refresh_hw_device [lindex [get_hw_devices xc7s50_0] 0]
display_hw_ila_data [ get_hw_ila_data hw_ila_data_1 -of_objects [get_hw_ilas -of_objects [get_hw_devices xc7s50_0] -filter {CELL_NAME=~"u_ila_0"}]]
run_hw_ila [get_hw_ilas -of_objects [get_hw_devices xc7s50_0] -filter {CELL_NAME=~"u_ila_0"}]
wait_on_hw_ila [get_hw_ilas -of_objects [get_hw_devices xc7s50_0] -filter {CELL_NAME=~"u_ila_0"}]
display_hw_ila_data [upload_hw_ila_data [get_hw_ilas -of_objects [get_hw_devices xc7s50_0] -filter {CELL_NAME=~"u_ila_0"}]]
add_wave -into {hw_ila_data_1.wcfg} -radix hex { {accelerometer_master/recv_data} }
add_wave -into {hw_ila_data_1.wcfg} -radix hex { {accelerometer_master/data_word_send_OBUF} }
open_run synth_1 -name synth_1
launch_simulation
source testbench_adxl345.tcl
delete_debug_core [get_debug_cores {u_ila_0 }]
create_debug_core u_ila_0 ila
set_property C_DATA_DEPTH 8192 [get_debug_cores u_ila_0]
set_property C_TRIGIN_EN false [get_debug_cores u_ila_0]
set_property C_TRIGOUT_EN false [get_debug_cores u_ila_0]
set_property C_ADV_TRIGGER false [get_debug_cores u_ila_0]
set_property C_INPUT_PIPE_STAGES 0 [get_debug_cores u_ila_0]
set_property C_EN_STRG_QUAL false [get_debug_cores u_ila_0]
set_property ALL_PROBE_SAME_MU true [get_debug_cores u_ila_0]
set_property ALL_PROBE_SAME_MU_CNT 1 [get_debug_cores u_ila_0]
startgroup 
set_property C_EN_STRG_QUAL true [get_debug_cores u_ila_0 ]
set_property ALL_PROBE_SAME_MU true [get_debug_cores u_ila_0 ]
set_property ALL_PROBE_SAME_MU_CNT 2 [get_debug_cores u_ila_0 ]
endgroup
connect_debug_port u_ila_0/clk [get_nets [list clk_IBUF_BUFG ]]
set_property port_width 7 [get_debug_ports u_ila_0/probe0]
set_property PROBE_TYPE DATA_AND_TRIGGER [get_debug_ports u_ila_0/probe0]
connect_debug_port u_ila_0/probe0 [get_nets [list {accelerometer_master/data_word_send_OBUF[0]} {accelerometer_master/data_word_send_OBUF[1]} {accelerometer_master/data_word_send_OBUF[2]} {accelerometer_master/data_word_send_OBUF[3]} {accelerometer_master/data_word_send_OBUF[4]} {accelerometer_master/data_word_send_OBUF[5]} {accelerometer_master/data_word_send_OBUF[6]} ]]
create_debug_port u_ila_0 probe
set_property port_width 8 [get_debug_ports u_ila_0/probe1]
set_property PROBE_TYPE DATA_AND_TRIGGER [get_debug_ports u_ila_0/probe1]
connect_debug_port u_ila_0/probe1 [get_nets [list {accelerometer_master/recv_data[0]} {accelerometer_master/recv_data[1]} {accelerometer_master/recv_data[2]} {accelerometer_master/recv_data[3]} {accelerometer_master/recv_data[4]} {accelerometer_master/recv_data[5]} {accelerometer_master/recv_data[6]} {accelerometer_master/recv_data[7]} ]]
create_debug_port u_ila_0 probe
set_property port_width 1 [get_debug_ports u_ila_0/probe2]
set_property PROBE_TYPE DATA_AND_TRIGGER [get_debug_ports u_ila_0/probe2]
connect_debug_port u_ila_0/probe2 [get_nets [list clk_IBUF ]]
create_debug_port u_ila_0 probe
set_property port_width 1 [get_debug_ports u_ila_0/probe3]
set_property PROBE_TYPE DATA_AND_TRIGGER [get_debug_ports u_ila_0/probe3]
connect_debug_port u_ila_0/probe3 [get_nets [list {accelerometer_master/FSM_onehot_current_state_reg_n_0_[0]} ]]
create_debug_port u_ila_0 probe
set_property port_width 1 [get_debug_ports u_ila_0/probe4]
set_property PROBE_TYPE DATA_AND_TRIGGER [get_debug_ports u_ila_0/probe4]
connect_debug_port u_ila_0/probe4 [get_nets [list {accelerometer_master/FSM_onehot_current_state_reg_n_0_[1]} ]]
create_debug_port u_ila_0 probe
set_property port_width 1 [get_debug_ports u_ila_0/probe5]
set_property PROBE_TYPE DATA_AND_TRIGGER [get_debug_ports u_ila_0/probe5]
connect_debug_port u_ila_0/probe5 [get_nets [list {accelerometer_master/FSM_onehot_current_state_reg_n_0_[3]} ]]
create_debug_port u_ila_0 probe
set_property port_width 1 [get_debug_ports u_ila_0/probe6]
set_property PROBE_TYPE DATA_AND_TRIGGER [get_debug_ports u_ila_0/probe6]
connect_debug_port u_ila_0/probe6 [get_nets [list {accelerometer_master/FSM_onehot_current_state_reg_n_0_[5]} ]]
create_debug_port u_ila_0 probe
set_property port_width 1 [get_debug_ports u_ila_0/probe7]
set_property PROBE_TYPE DATA_AND_TRIGGER [get_debug_ports u_ila_0/probe7]
connect_debug_port u_ila_0/probe7 [get_nets [list {accelerometer_master/FSM_onehot_current_state_reg_n_0_[7]} ]]
create_debug_port u_ila_0 probe
set_property port_width 1 [get_debug_ports u_ila_0/probe8]
set_property PROBE_TYPE DATA_AND_TRIGGER [get_debug_ports u_ila_0/probe8]
connect_debug_port u_ila_0/probe8 [get_nets [list {accelerometer_master/FSM_onehot_current_state_reg_n_0_[8]} ]]
create_debug_port u_ila_0 probe
set_property port_width 1 [get_debug_ports u_ila_0/probe9]
set_property PROBE_TYPE DATA_AND_TRIGGER [get_debug_ports u_ila_0/probe9]
connect_debug_port u_ila_0/probe9 [get_nets [list {accelerometer_master/FSM_onehot_current_state_reg_n_0_[9]} ]]
create_debug_port u_ila_0 probe
set_property port_width 1 [get_debug_ports u_ila_0/probe10]
set_property PROBE_TYPE DATA_AND_TRIGGER [get_debug_ports u_ila_0/probe10]
connect_debug_port u_ila_0/probe10 [get_nets [list miso_IBUF ]]
create_debug_port u_ila_0 probe
set_property port_width 1 [get_debug_ports u_ila_0/probe11]
set_property PROBE_TYPE DATA_AND_TRIGGER [get_debug_ports u_ila_0/probe11]
connect_debug_port u_ila_0/probe11 [get_nets [list mosi_OBUF ]]
create_debug_port u_ila_0 probe
set_property port_width 1 [get_debug_ports u_ila_0/probe12]
set_property PROBE_TYPE DATA_AND_TRIGGER [get_debug_ports u_ila_0/probe12]
connect_debug_port u_ila_0/probe12 [get_nets [list sclk_OBUF ]]
create_debug_port u_ila_0 probe
set_property port_width 1 [get_debug_ports u_ila_0/probe13]
set_property PROBE_TYPE DATA_AND_TRIGGER [get_debug_ports u_ila_0/probe13]
connect_debug_port u_ila_0/probe13 [get_nets [list ss_OBUF ]]
save_constraints
reset_run impl_1
launch_runs impl_1 -jobs 8
wait_on_run impl_1
launch_runs impl_1 -to_step write_bitstream -jobs 8
wait_on_run impl_1
set_property PROBES.FILE {C:/Users/conno/Documents/Stuff/UIUC/2024-2025/FALL/ECE385/final/repo/SPI_testing/SPI_testing.runs/impl_1/adxl345_top.ltx} [get_hw_devices xc7s50_0]
set_property FULL_PROBES.FILE {C:/Users/conno/Documents/Stuff/UIUC/2024-2025/FALL/ECE385/final/repo/SPI_testing/SPI_testing.runs/impl_1/adxl345_top.ltx} [get_hw_devices xc7s50_0]
set_property PROGRAM.FILE {C:/Users/conno/Documents/Stuff/UIUC/2024-2025/FALL/ECE385/final/repo/SPI_testing/SPI_testing.runs/impl_1/adxl345_top.bit} [get_hw_devices xc7s50_0]
program_hw_devices [get_hw_devices xc7s50_0]
refresh_hw_device [lindex [get_hw_devices xc7s50_0] 0]
run_hw_ila [get_hw_ilas -of_objects [get_hw_devices xc7s50_0] -filter {CELL_NAME=~"u_ila_0"}]
wait_on_hw_ila [get_hw_ilas -of_objects [get_hw_devices xc7s50_0] -filter {CELL_NAME=~"u_ila_0"}]
display_hw_ila_data [upload_hw_ila_data [get_hw_ilas -of_objects [get_hw_devices xc7s50_0] -filter {CELL_NAME=~"u_ila_0"}]]
set_property CAPTURE_COMPARE_VALUE eq1'bR [get_hw_probes sclk_OBUF -of_objects [get_hw_ilas -of_objects [get_hw_devices xc7s50_0] -filter {CELL_NAME=~"u_ila_0"}]]
set_property PROBES.FILE {C:/Users/conno/Documents/Stuff/UIUC/2024-2025/FALL/ECE385/final/repo/SPI_testing/SPI_testing.runs/impl_1/adxl345_top.ltx} [get_hw_devices xc7s50_0]
set_property FULL_PROBES.FILE {C:/Users/conno/Documents/Stuff/UIUC/2024-2025/FALL/ECE385/final/repo/SPI_testing/SPI_testing.runs/impl_1/adxl345_top.ltx} [get_hw_devices xc7s50_0]
set_property PROGRAM.FILE {C:/Users/conno/Documents/Stuff/UIUC/2024-2025/FALL/ECE385/final/repo/SPI_testing/SPI_testing.runs/impl_1/adxl345_top.bit} [get_hw_devices xc7s50_0]
program_hw_devices [get_hw_devices xc7s50_0]
refresh_hw_device [lindex [get_hw_devices xc7s50_0] 0]
run_hw_ila [get_hw_ilas -of_objects [get_hw_devices xc7s50_0] -filter {CELL_NAME=~"u_ila_0"}]
wait_on_hw_ila [get_hw_ilas -of_objects [get_hw_devices xc7s50_0] -filter {CELL_NAME=~"u_ila_0"}]
display_hw_ila_data [upload_hw_ila_data [get_hw_ilas -of_objects [get_hw_devices xc7s50_0] -filter {CELL_NAME=~"u_ila_0"}]]
set_property PROBES.FILE {C:/Users/conno/Documents/Stuff/UIUC/2024-2025/FALL/ECE385/final/repo/SPI_testing/SPI_testing.runs/impl_1/adxl345_top.ltx} [get_hw_devices xc7s50_0]
set_property FULL_PROBES.FILE {C:/Users/conno/Documents/Stuff/UIUC/2024-2025/FALL/ECE385/final/repo/SPI_testing/SPI_testing.runs/impl_1/adxl345_top.ltx} [get_hw_devices xc7s50_0]
set_property PROGRAM.FILE {C:/Users/conno/Documents/Stuff/UIUC/2024-2025/FALL/ECE385/final/repo/SPI_testing/SPI_testing.runs/impl_1/adxl345_top.bit} [get_hw_devices xc7s50_0]
program_hw_devices [get_hw_devices xc7s50_0]
refresh_hw_device [lindex [get_hw_devices xc7s50_0] 0]
display_hw_ila_data [ get_hw_ila_data hw_ila_data_1 -of_objects [get_hw_ilas -of_objects [get_hw_devices xc7s50_0] -filter {CELL_NAME=~"u_ila_0"}]]
run_hw_ila [get_hw_ilas -of_objects [get_hw_devices xc7s50_0] -filter {CELL_NAME=~"u_ila_0"}]
wait_on_hw_ila [get_hw_ilas -of_objects [get_hw_devices xc7s50_0] -filter {CELL_NAME=~"u_ila_0"}]
display_hw_ila_data [upload_hw_ila_data [get_hw_ilas -of_objects [get_hw_devices xc7s50_0] -filter {CELL_NAME=~"u_ila_0"}]]
close_sim
launch_simulation
source testbench_adxl345.tcl
close_sim
launch_simulation
source testbench_adxl345.tcl
relaunch_sim
relaunch_sim
relaunch_sim
relaunch_sim
relaunch_sim
relaunch_sim
relaunch_sim
relaunch_sim
relaunch_sim
relaunch_sim
relaunch_sim
relaunch_sim
relaunch_sim
relaunch_sim
relaunch_sim
set_property PROBES.FILE {C:/Users/conno/Documents/Stuff/UIUC/2024-2025/FALL/ECE385/final/repo/SPI_testing/SPI_testing.runs/impl_1/adxl345_top.ltx} [get_hw_devices xc7s50_0]
set_property FULL_PROBES.FILE {C:/Users/conno/Documents/Stuff/UIUC/2024-2025/FALL/ECE385/final/repo/SPI_testing/SPI_testing.runs/impl_1/adxl345_top.ltx} [get_hw_devices xc7s50_0]
set_property PROGRAM.FILE {C:/Users/conno/Documents/Stuff/UIUC/2024-2025/FALL/ECE385/final/repo/SPI_testing/SPI_testing.runs/impl_1/adxl345_top.bit} [get_hw_devices xc7s50_0]
program_hw_devices [get_hw_devices xc7s50_0]
refresh_hw_device [lindex [get_hw_devices xc7s50_0] 0]
run_hw_ila [get_hw_ilas -of_objects [get_hw_devices xc7s50_0] -filter {CELL_NAME=~"u_ila_0"}]
wait_on_hw_ila [get_hw_ilas -of_objects [get_hw_devices xc7s50_0] -filter {CELL_NAME=~"u_ila_0"}]
display_hw_ila_data [upload_hw_ila_data [get_hw_ilas -of_objects [get_hw_devices xc7s50_0] -filter {CELL_NAME=~"u_ila_0"}]]
set_property PROBES.FILE {C:/Users/conno/Documents/Stuff/UIUC/2024-2025/FALL/ECE385/final/repo/SPI_testing/SPI_testing.runs/impl_1/adxl345_top.ltx} [get_hw_devices xc7s50_0]
set_property FULL_PROBES.FILE {C:/Users/conno/Documents/Stuff/UIUC/2024-2025/FALL/ECE385/final/repo/SPI_testing/SPI_testing.runs/impl_1/adxl345_top.ltx} [get_hw_devices xc7s50_0]
set_property PROGRAM.FILE {C:/Users/conno/Documents/Stuff/UIUC/2024-2025/FALL/ECE385/final/repo/SPI_testing/SPI_testing.runs/impl_1/adxl345_top.bit} [get_hw_devices xc7s50_0]
program_hw_devices [get_hw_devices xc7s50_0]
refresh_hw_device [lindex [get_hw_devices xc7s50_0] 0]
run_hw_ila [get_hw_ilas -of_objects [get_hw_devices xc7s50_0] -filter {CELL_NAME=~"u_ila_0"}]
wait_on_hw_ila [get_hw_ilas -of_objects [get_hw_devices xc7s50_0] -filter {CELL_NAME=~"u_ila_0"}]
display_hw_ila_data [upload_hw_ila_data [get_hw_ilas -of_objects [get_hw_devices xc7s50_0] -filter {CELL_NAME=~"u_ila_0"}]]
relaunch_sim
relaunch_sim
relaunch_sim
relaunch_sim
relaunch_sim
relaunch_sim
relaunch_sim
current_wave_config {Untitled 3}
add_wave {{/testbench_adxl345/accelerometer_master/data_word_recv}} 
relaunch_sim
relaunch_sim
relaunch_sim
reset_run synth_1
launch_runs synth_1 -jobs 8
wait_on_run synth_1
refresh_design
set_property IOSTANDARD LVCMOS25 [get_ports [list {data_word_send[15]} {data_word_send[14]} {data_word_send[13]} {data_word_send[12]} {data_word_send[11]} {data_word_send[10]} {data_word_send[9]} {data_word_send[8]} {data_word_send[7]} {data_word_send[6]} {data_word_send[5]} {data_word_send[4]} {data_word_send[3]} {data_word_send[2]} {data_word_send[1]} {data_word_send[0]}]]
place_ports {data_word_send[8]} D17
place_ports {data_word_send[9]} E17
place_ports {data_word_send[10]} F18
place_ports {data_word_send[11]} D16
place_ports {data_word_send[12]} D15
place_ports {data_word_send[13]} D14
place_ports {data_word_send[14]} C1
place_ports {data_word_send[14]} C14
place_ports {data_word_send[15]} C13
save_constraints
reset_run synth_1
launch_runs synth_1 -jobs 8
wait_on_run synth_1
refresh_design
set_property IOSTANDARD LVCMOS25 [get_ports [list {data_word_recv[15]} {data_word_recv[14]} {data_word_recv[13]} {data_word_recv[12]} {data_word_recv[11]} {data_word_recv[10]} {data_word_recv[9]} {data_word_recv[8]} {data_word_recv[7]} {data_word_recv[6]} {data_word_recv[5]} {data_word_recv[4]} {data_word_recv[3]} {data_word_recv[2]} {data_word_recv[1]} {data_word_recv[0]}]]
set_property IOSTANDARD LVCMOS33 [get_ports [list {data_word_send[15]} {data_word_send[14]} {data_word_send[13]} {data_word_send[12]} {data_word_send[11]} {data_word_send[10]} {data_word_send[9]} {data_word_send[8]} {data_word_send[7]} {data_word_send[6]} {data_word_send[5]} {data_word_send[4]} {data_word_send[3]} {data_word_send[2]} {data_word_send[1]} {data_word_send[0]}]]
place_ports {data_word_recv[15]} C9
place_ports {data_word_recv[15]} G6
place_ports {data_word_recv[14]} H6
place_ports {data_word_recv[13]} C3
place_ports {data_word_recv[12]} B3
place_ports {data_word_recv[11]} E6
place_ports {data_word_recv[10]} B4
place_ports {data_word_recv[9]} C5
place_ports {data_word_recv[8]} D5
place_ports {data_word_recv[7]} D7
place_ports {data_word_recv[6]} D6
place_ports {data_word_recv[5]} C4
place_ports {data_word_recv[4]} B5
place_ports {data_word_recv[3]} C9
place_ports {data_word_recv[2]} B11
place_ports {data_word_recv[1]} C10
place_ports {data_word_recv[0]} A11
save_constraints
launch_runs impl_1 -jobs 8
delete_debug_core [get_debug_cores {u_ila_0 }]
create_debug_core u_ila_0 ila
set_property C_DATA_DEPTH 8192 [get_debug_cores u_ila_0]
set_property C_TRIGIN_EN false [get_debug_cores u_ila_0]
set_property C_TRIGOUT_EN false [get_debug_cores u_ila_0]
set_property C_ADV_TRIGGER false [get_debug_cores u_ila_0]
set_property C_INPUT_PIPE_STAGES 0 [get_debug_cores u_ila_0]
set_property C_EN_STRG_QUAL false [get_debug_cores u_ila_0]
set_property ALL_PROBE_SAME_MU true [get_debug_cores u_ila_0]
set_property ALL_PROBE_SAME_MU_CNT 1 [get_debug_cores u_ila_0]
startgroup 
set_property C_EN_STRG_QUAL true [get_debug_cores u_ila_0 ]
set_property ALL_PROBE_SAME_MU true [get_debug_cores u_ila_0 ]
set_property ALL_PROBE_SAME_MU_CNT 2 [get_debug_cores u_ila_0 ]
endgroup
connect_debug_port u_ila_0/clk [get_nets [list clk_IBUF_BUFG ]]
set_property port_width 7 [get_debug_ports u_ila_0/probe0]
set_property PROBE_TYPE DATA_AND_TRIGGER [get_debug_ports u_ila_0/probe0]
connect_debug_port u_ila_0/probe0 [get_nets [list {accelerometer_master/data_word_send_OBUF[0]} {accelerometer_master/data_word_send_OBUF[1]} {accelerometer_master/data_word_send_OBUF[2]} {accelerometer_master/data_word_send_OBUF[3]} {accelerometer_master/data_word_send_OBUF[4]} {accelerometer_master/data_word_send_OBUF[5]} {accelerometer_master/data_word_send_OBUF[6]} ]]
create_debug_port u_ila_0 probe
set_property port_width 16 [get_debug_ports u_ila_0/probe1]
set_property PROBE_TYPE DATA_AND_TRIGGER [get_debug_ports u_ila_0/probe1]
connect_debug_port u_ila_0/probe1 [get_nets [list {data_word_recv_OBUF[0]} {data_word_recv_OBUF[1]} {data_word_recv_OBUF[2]} {data_word_recv_OBUF[3]} {data_word_recv_OBUF[4]} {data_word_recv_OBUF[5]} {data_word_recv_OBUF[6]} {data_word_recv_OBUF[7]} {data_word_recv_OBUF[8]} {data_word_recv_OBUF[9]} {data_word_recv_OBUF[10]} {data_word_recv_OBUF[11]} {data_word_recv_OBUF[12]} {data_word_recv_OBUF[13]} {data_word_recv_OBUF[14]} {data_word_recv_OBUF[15]} ]]
create_debug_port u_ila_0 probe
set_property port_width 1 [get_debug_ports u_ila_0/probe2]
set_property PROBE_TYPE DATA_AND_TRIGGER [get_debug_ports u_ila_0/probe2]
connect_debug_port u_ila_0/probe2 [get_nets [list clk_IBUF ]]
create_debug_port u_ila_0 probe
set_property port_width 1 [get_debug_ports u_ila_0/probe3]
set_property PROBE_TYPE DATA_AND_TRIGGER [get_debug_ports u_ila_0/probe3]
connect_debug_port u_ila_0/probe3 [get_nets [list mosi_OBUF ]]
create_debug_port u_ila_0 probe
set_property port_width 1 [get_debug_ports u_ila_0/probe4]
set_property PROBE_TYPE DATA_AND_TRIGGER [get_debug_ports u_ila_0/probe4]
connect_debug_port u_ila_0/probe4 [get_nets [list sclk_OBUF ]]
create_debug_port u_ila_0 probe
set_property port_width 1 [get_debug_ports u_ila_0/probe5]
set_property PROBE_TYPE DATA_AND_TRIGGER [get_debug_ports u_ila_0/probe5]
connect_debug_port u_ila_0/probe5 [get_nets [list ss_OBUF ]]
save_constraints
launch_runs impl_1 -jobs 8
wait_on_run impl_1
set_property IOSTANDARD LVCMOS25 [get_ports [list {data_word_send[15]} {data_word_send[14]} {data_word_send[13]} {data_word_send[12]} {data_word_send[11]} {data_word_send[10]} {data_word_send[9]} {data_word_send[8]} {data_word_send[7]} {data_word_send[6]} {data_word_send[5]} {data_word_send[4]} {data_word_send[3]} {data_word_send[2]} {data_word_send[1]} {data_word_send[0]}]]
save_constraints
reset_run impl_1
launch_runs impl_1 -jobs 8
wait_on_run impl_1
launch_runs impl_1 -to_step write_bitstream -jobs 8
wait_on_run impl_1
set_property PROBES.FILE {C:/Users/conno/Documents/Stuff/UIUC/2024-2025/FALL/ECE385/final/repo/SPI_testing/SPI_testing.runs/impl_1/adxl345_top.ltx} [get_hw_devices xc7s50_0]
set_property FULL_PROBES.FILE {C:/Users/conno/Documents/Stuff/UIUC/2024-2025/FALL/ECE385/final/repo/SPI_testing/SPI_testing.runs/impl_1/adxl345_top.ltx} [get_hw_devices xc7s50_0]
set_property PROGRAM.FILE {C:/Users/conno/Documents/Stuff/UIUC/2024-2025/FALL/ECE385/final/repo/SPI_testing/SPI_testing.runs/impl_1/adxl345_top.bit} [get_hw_devices xc7s50_0]
program_hw_devices [get_hw_devices xc7s50_0]
refresh_hw_device [lindex [get_hw_devices xc7s50_0] 0]
add_wave -into {hw_ila_data_1.wcfg} -radix hex { {data_word_recv_OBUF} }
run_hw_ila [get_hw_ilas -of_objects [get_hw_devices xc7s50_0] -filter {CELL_NAME=~"u_ila_0"}]
wait_on_hw_ila [get_hw_ilas -of_objects [get_hw_devices xc7s50_0] -filter {CELL_NAME=~"u_ila_0"}]
display_hw_ila_data [upload_hw_ila_data [get_hw_ilas -of_objects [get_hw_devices xc7s50_0] -filter {CELL_NAME=~"u_ila_0"}]]
delete_debug_core [get_debug_cores {u_ila_0 }]
create_debug_core u_ila_0 ila
set_property C_DATA_DEPTH 8192 [get_debug_cores u_ila_0]
set_property C_TRIGIN_EN false [get_debug_cores u_ila_0]
set_property C_TRIGOUT_EN false [get_debug_cores u_ila_0]
set_property C_ADV_TRIGGER false [get_debug_cores u_ila_0]
set_property C_INPUT_PIPE_STAGES 0 [get_debug_cores u_ila_0]
set_property C_EN_STRG_QUAL false [get_debug_cores u_ila_0]
set_property ALL_PROBE_SAME_MU true [get_debug_cores u_ila_0]
set_property ALL_PROBE_SAME_MU_CNT 1 [get_debug_cores u_ila_0]
startgroup 
set_property C_EN_STRG_QUAL true [get_debug_cores u_ila_0 ]
set_property ALL_PROBE_SAME_MU true [get_debug_cores u_ila_0 ]
set_property ALL_PROBE_SAME_MU_CNT 2 [get_debug_cores u_ila_0 ]
endgroup
connect_debug_port u_ila_0/clk [get_nets [list clk_IBUF_BUFG ]]
set_property port_width 10 [get_debug_ports u_ila_0/probe0]
set_property PROBE_TYPE DATA_AND_TRIGGER [get_debug_ports u_ila_0/probe0]
connect_debug_port u_ila_0/probe0 [get_nets [list {data_word_send_OBUF[0]} {data_word_send_OBUF[3]} {data_word_send_OBUF[7]} {data_word_send_OBUF[8]} {data_word_send_OBUF[9]} {data_word_send_OBUF[10]} {data_word_send_OBUF[11]} {data_word_send_OBUF[12]} {data_word_send_OBUF[13]} {data_word_send_OBUF[15]} ]]
create_debug_port u_ila_0 probe
set_property port_width 16 [get_debug_ports u_ila_0/probe1]
set_property PROBE_TYPE DATA_AND_TRIGGER [get_debug_ports u_ila_0/probe1]
connect_debug_port u_ila_0/probe1 [get_nets [list {data_word_recv_OBUF[0]} {data_word_recv_OBUF[1]} {data_word_recv_OBUF[2]} {data_word_recv_OBUF[3]} {data_word_recv_OBUF[4]} {data_word_recv_OBUF[5]} {data_word_recv_OBUF[6]} {data_word_recv_OBUF[7]} {data_word_recv_OBUF[8]} {data_word_recv_OBUF[9]} {data_word_recv_OBUF[10]} {data_word_recv_OBUF[11]} {data_word_recv_OBUF[12]} {data_word_recv_OBUF[13]} {data_word_recv_OBUF[14]} {data_word_recv_OBUF[15]} ]]
create_debug_port u_ila_0 probe
set_property port_width 1 [get_debug_ports u_ila_0/probe2]
set_property PROBE_TYPE DATA_AND_TRIGGER [get_debug_ports u_ila_0/probe2]
connect_debug_port u_ila_0/probe2 [get_nets [list clk_IBUF ]]
create_debug_port u_ila_0 probe
set_property port_width 1 [get_debug_ports u_ila_0/probe3]
set_property PROBE_TYPE DATA_AND_TRIGGER [get_debug_ports u_ila_0/probe3]
connect_debug_port u_ila_0/probe3 [get_nets [list mosi_OBUF ]]
create_debug_port u_ila_0 probe
set_property port_width 1 [get_debug_ports u_ila_0/probe4]
set_property PROBE_TYPE DATA_AND_TRIGGER [get_debug_ports u_ila_0/probe4]
connect_debug_port u_ila_0/probe4 [get_nets [list sclk_OBUF ]]
create_debug_port u_ila_0 probe
set_property port_width 1 [get_debug_ports u_ila_0/probe5]
set_property PROBE_TYPE DATA_AND_TRIGGER [get_debug_ports u_ila_0/probe5]
connect_debug_port u_ila_0/probe5 [get_nets [list ss_OBUF ]]
create_debug_port u_ila_0 probe
set_property port_width 1 [get_debug_ports u_ila_0/probe6]
set_property PROBE_TYPE DATA_AND_TRIGGER [get_debug_ports u_ila_0/probe6]
connect_debug_port u_ila_0/probe6 [get_nets [list miso_IBUF ]]
save_constraints
reset_run impl_1
launch_runs impl_1 -jobs 8
wait_on_run impl_1
launch_runs impl_1 -to_step write_bitstream -jobs 8
wait_on_run impl_1
set_property PROBES.FILE {C:/Users/conno/Documents/Stuff/UIUC/2024-2025/FALL/ECE385/final/repo/SPI_testing/SPI_testing.runs/impl_1/adxl345_top.ltx} [get_hw_devices xc7s50_0]
set_property FULL_PROBES.FILE {C:/Users/conno/Documents/Stuff/UIUC/2024-2025/FALL/ECE385/final/repo/SPI_testing/SPI_testing.runs/impl_1/adxl345_top.ltx} [get_hw_devices xc7s50_0]
set_property PROGRAM.FILE {C:/Users/conno/Documents/Stuff/UIUC/2024-2025/FALL/ECE385/final/repo/SPI_testing/SPI_testing.runs/impl_1/adxl345_top.bit} [get_hw_devices xc7s50_0]
program_hw_devices [get_hw_devices xc7s50_0]
refresh_hw_device [lindex [get_hw_devices xc7s50_0] 0]
add_wave -into {hw_ila_data_1.wcfg} -radix hex { {data_word_send_OBUF} {data_word_send_OBUF_1} {data_word_send_OBUF_2} {data_word_send_OBUF_3} {miso_IBUF} }
set_property PROBES.FILE {C:/Users/conno/Documents/Stuff/UIUC/2024-2025/FALL/ECE385/final/repo/SPI_testing/SPI_testing.runs/impl_1/adxl345_top.ltx} [get_hw_devices xc7s50_0]
set_property FULL_PROBES.FILE {C:/Users/conno/Documents/Stuff/UIUC/2024-2025/FALL/ECE385/final/repo/SPI_testing/SPI_testing.runs/impl_1/adxl345_top.ltx} [get_hw_devices xc7s50_0]
set_property PROGRAM.FILE {C:/Users/conno/Documents/Stuff/UIUC/2024-2025/FALL/ECE385/final/repo/SPI_testing/SPI_testing.runs/impl_1/adxl345_top.bit} [get_hw_devices xc7s50_0]
program_hw_devices [get_hw_devices xc7s50_0]
refresh_hw_device [lindex [get_hw_devices xc7s50_0] 0]
set_property PROBES.FILE {C:/Users/conno/Documents/Stuff/UIUC/2024-2025/FALL/ECE385/final/repo/SPI_testing/SPI_testing.runs/impl_1/adxl345_top.ltx} [get_hw_devices xc7s50_0]
set_property FULL_PROBES.FILE {C:/Users/conno/Documents/Stuff/UIUC/2024-2025/FALL/ECE385/final/repo/SPI_testing/SPI_testing.runs/impl_1/adxl345_top.ltx} [get_hw_devices xc7s50_0]
set_property PROGRAM.FILE {C:/Users/conno/Documents/Stuff/UIUC/2024-2025/FALL/ECE385/final/repo/SPI_testing/SPI_testing.runs/impl_1/adxl345_top.bit} [get_hw_devices xc7s50_0]
program_hw_devices [get_hw_devices xc7s50_0]
refresh_hw_device [lindex [get_hw_devices xc7s50_0] 0]
run_hw_ila [get_hw_ilas -of_objects [get_hw_devices xc7s50_0] -filter {CELL_NAME=~"u_ila_0"}]
wait_on_hw_ila [get_hw_ilas -of_objects [get_hw_devices xc7s50_0] -filter {CELL_NAME=~"u_ila_0"}]
display_hw_ila_data [upload_hw_ila_data [get_hw_ilas -of_objects [get_hw_devices xc7s50_0] -filter {CELL_NAME=~"u_ila_0"}]]
set_property CAPTURE_COMPARE_VALUE eq1'bX [get_hw_probes sclk_OBUF -of_objects [get_hw_ilas -of_objects [get_hw_devices xc7s50_0] -filter {CELL_NAME=~"u_ila_0"}]]
set_property PROBES.FILE {C:/Users/conno/Documents/Stuff/UIUC/2024-2025/FALL/ECE385/final/repo/SPI_testing/SPI_testing.runs/impl_1/adxl345_top.ltx} [get_hw_devices xc7s50_0]
set_property FULL_PROBES.FILE {C:/Users/conno/Documents/Stuff/UIUC/2024-2025/FALL/ECE385/final/repo/SPI_testing/SPI_testing.runs/impl_1/adxl345_top.ltx} [get_hw_devices xc7s50_0]
set_property PROGRAM.FILE {C:/Users/conno/Documents/Stuff/UIUC/2024-2025/FALL/ECE385/final/repo/SPI_testing/SPI_testing.runs/impl_1/adxl345_top.bit} [get_hw_devices xc7s50_0]
program_hw_devices [get_hw_devices xc7s50_0]
refresh_hw_device [lindex [get_hw_devices xc7s50_0] 0]
run_hw_ila [get_hw_ilas -of_objects [get_hw_devices xc7s50_0] -filter {CELL_NAME=~"u_ila_0"}]
wait_on_hw_ila [get_hw_ilas -of_objects [get_hw_devices xc7s50_0] -filter {CELL_NAME=~"u_ila_0"}]
display_hw_ila_data [upload_hw_ila_data [get_hw_ilas -of_objects [get_hw_devices xc7s50_0] -filter {CELL_NAME=~"u_ila_0"}]]
set_property PROBES.FILE {C:/Users/conno/Documents/Stuff/UIUC/2024-2025/FALL/ECE385/final/repo/SPI_testing/SPI_testing.runs/impl_1/adxl345_top.ltx} [get_hw_devices xc7s50_0]
set_property FULL_PROBES.FILE {C:/Users/conno/Documents/Stuff/UIUC/2024-2025/FALL/ECE385/final/repo/SPI_testing/SPI_testing.runs/impl_1/adxl345_top.ltx} [get_hw_devices xc7s50_0]
set_property PROGRAM.FILE {C:/Users/conno/Documents/Stuff/UIUC/2024-2025/FALL/ECE385/final/repo/SPI_testing/SPI_testing.runs/impl_1/adxl345_top.bit} [get_hw_devices xc7s50_0]
program_hw_devices [get_hw_devices xc7s50_0]
refresh_hw_device [lindex [get_hw_devices xc7s50_0] 0]
run_hw_ila [get_hw_ilas -of_objects [get_hw_devices xc7s50_0] -filter {CELL_NAME=~"u_ila_0"}]
wait_on_hw_ila [get_hw_ilas -of_objects [get_hw_devices xc7s50_0] -filter {CELL_NAME=~"u_ila_0"}]
display_hw_ila_data [upload_hw_ila_data [get_hw_ilas -of_objects [get_hw_devices xc7s50_0] -filter {CELL_NAME=~"u_ila_0"}]]
update_compile_order -fileset sources_1
update_compile_order -fileset sources_1
close_sim
launch_simulation
launch_simulation
source testbench_adxl345.tcl
close_sim
launch_simulation
source testbench_adxl345.tcl
relaunch_sim
close_sim
launch_simulation
launch_simulation
source testbench_adxl345.tcl
relaunch_sim
relaunch_sim
relaunch_sim
relaunch_sim
relaunch_sim
relaunch_sim
relaunch_sim
update_compile_order -fileset sources_1
update_compile_order -fileset sources_1
update_compile_order -fileset sources_1
update_compile_order -fileset sources_1
relaunch_sim
relaunch_sim
relaunch_sim
relaunch_sim
relaunch_sim
relaunch_sim
relaunch_sim
relaunch_sim
relaunch_sim
relaunch_sim
relaunch_sim
relaunch_sim
close_sim
launch_simulation
source testbench_adxl345.tcl
update_compile_order -fileset sources_1
update_compile_order -fileset sources_1
reset_run synth_1
launch_runs synth_1 -jobs 8
wait_on_run synth_1
reset_run synth_1
launch_runs synth_1 -jobs 8
wait_on_run synth_1
launch_runs impl_1 -jobs 8
wait_on_run impl_1
reset_run impl_1
refresh_design
set_property IOSTANDARD LVCMOS25 [get_ports [list {x0[7]} {x0[6]} {x0[5]} {x0[4]} {x0[3]} {x0[2]} {x0[1]} {x0[0]}]]
place_ports {x0[7]} C13
place_ports {x0[6]} C14
place_ports {x0[5]} D14
place_ports {x0[4]} D15
place_ports {x0[3]} D16
place_ports {x0[2]} F18
place_ports {x0[1]} E17
place_ports {x0[0]} D17
save_constraints
reset_run synth_1
launch_runs impl_1 -jobs 8
wait_on_run impl_1
reset_run synth_1
launch_runs impl_1 -jobs 8
wait_on_run impl_1
refresh_design
synth_design -rtl -rtl_skip_mlo -name rtl_1
refresh_design
refresh_design
reset_run synth_1
launch_runs synth_1 -jobs 8
wait_on_run synth_1
reset_run synth_1
launch_runs impl_1 -jobs 8
wait_on_run impl_1
current_design synth_1
delete_debug_core [get_debug_cores {u_ila_0 }]
create_debug_core u_ila_0 ila
set_property C_DATA_DEPTH 8192 [get_debug_cores u_ila_0]
set_property C_TRIGIN_EN false [get_debug_cores u_ila_0]
set_property C_TRIGOUT_EN false [get_debug_cores u_ila_0]
set_property C_ADV_TRIGGER false [get_debug_cores u_ila_0]
set_property C_INPUT_PIPE_STAGES 0 [get_debug_cores u_ila_0]
set_property C_EN_STRG_QUAL false [get_debug_cores u_ila_0]
set_property ALL_PROBE_SAME_MU true [get_debug_cores u_ila_0]
set_property ALL_PROBE_SAME_MU_CNT 1 [get_debug_cores u_ila_0]
startgroup 
set_property C_EN_STRG_QUAL true [get_debug_cores u_ila_0 ]
set_property ALL_PROBE_SAME_MU true [get_debug_cores u_ila_0 ]
set_property ALL_PROBE_SAME_MU_CNT 2 [get_debug_cores u_ila_0 ]
endgroup
connect_debug_port u_ila_0/clk [get_nets [list clk_IBUF_BUFG ]]
set_property port_width 16 [get_debug_ports u_ila_0/probe0]
set_property PROBE_TYPE DATA_AND_TRIGGER [get_debug_ports u_ila_0/probe0]
connect_debug_port u_ila_0/probe0 [get_nets [list {data_word_recv_OBUF[0]} {data_word_recv_OBUF[1]} {data_word_recv_OBUF[2]} {data_word_recv_OBUF[3]} {data_word_recv_OBUF[4]} {data_word_recv_OBUF[5]} {data_word_recv_OBUF[6]} {data_word_recv_OBUF[7]} {data_word_recv_OBUF[8]} {data_word_recv_OBUF[9]} {data_word_recv_OBUF[10]} {data_word_recv_OBUF[11]} {data_word_recv_OBUF[12]} {data_word_recv_OBUF[13]} {data_word_recv_OBUF[14]} {data_word_recv_OBUF[15]} ]]
create_debug_port u_ila_0 probe
set_property port_width 8 [get_debug_ports u_ila_0/probe1]
set_property PROBE_TYPE DATA_AND_TRIGGER [get_debug_ports u_ila_0/probe1]
connect_debug_port u_ila_0/probe1 [get_nets [list {x0_OBUF[0]} {x0_OBUF[1]} {x0_OBUF[2]} {x0_OBUF[3]} {x0_OBUF[4]} {x0_OBUF[5]} {x0_OBUF[6]} {x0_OBUF[7]} ]]
create_debug_port u_ila_0 probe
set_property port_width 1 [get_debug_ports u_ila_0/probe2]
set_property PROBE_TYPE DATA_AND_TRIGGER [get_debug_ports u_ila_0/probe2]
connect_debug_port u_ila_0/probe2 [get_nets [list clk_IBUF ]]
create_debug_port u_ila_0 probe
set_property port_width 1 [get_debug_ports u_ila_0/probe3]
set_property PROBE_TYPE DATA_AND_TRIGGER [get_debug_ports u_ila_0/probe3]
connect_debug_port u_ila_0/probe3 [get_nets [list miso_IBUF ]]
create_debug_port u_ila_0 probe
set_property port_width 1 [get_debug_ports u_ila_0/probe4]
set_property PROBE_TYPE DATA_AND_TRIGGER [get_debug_ports u_ila_0/probe4]
connect_debug_port u_ila_0/probe4 [get_nets [list mosi_OBUF ]]
create_debug_port u_ila_0 probe
set_property port_width 1 [get_debug_ports u_ila_0/probe5]
set_property PROBE_TYPE DATA_AND_TRIGGER [get_debug_ports u_ila_0/probe5]
connect_debug_port u_ila_0/probe5 [get_nets [list sclk_OBUF ]]
create_debug_port u_ila_0 probe
set_property port_width 1 [get_debug_ports u_ila_0/probe6]
set_property PROBE_TYPE DATA_AND_TRIGGER [get_debug_ports u_ila_0/probe6]
connect_debug_port u_ila_0/probe6 [get_nets [list ss_OBUF ]]
reset_run synth_1
save_constraints -force
launch_runs impl_1 -jobs 8
wait_on_run impl_1
launch_runs impl_1 -to_step write_bitstream -jobs 8
wait_on_run impl_1
set_property PROBES.FILE {C:/Users/conno/Documents/Stuff/UIUC/2024-2025/FALL/ECE385/final/repo/SPI_testing/SPI_testing.runs/impl_1/adxl345_top.ltx} [get_hw_devices xc7s50_0]
set_property FULL_PROBES.FILE {C:/Users/conno/Documents/Stuff/UIUC/2024-2025/FALL/ECE385/final/repo/SPI_testing/SPI_testing.runs/impl_1/adxl345_top.ltx} [get_hw_devices xc7s50_0]
set_property PROGRAM.FILE {C:/Users/conno/Documents/Stuff/UIUC/2024-2025/FALL/ECE385/final/repo/SPI_testing/SPI_testing.runs/impl_1/adxl345_top.bit} [get_hw_devices xc7s50_0]
program_hw_devices [get_hw_devices xc7s50_0]
refresh_hw_device [lindex [get_hw_devices xc7s50_0] 0]
display_hw_ila_data [ get_hw_ila_data hw_ila_data_1 -of_objects [get_hw_ilas -of_objects [get_hw_devices xc7s50_0] -filter {CELL_NAME=~"u_ila_0"}]]
run_hw_ila [get_hw_ilas -of_objects [get_hw_devices xc7s50_0] -filter {CELL_NAME=~"u_ila_0"}]
wait_on_hw_ila [get_hw_ilas -of_objects [get_hw_devices xc7s50_0] -filter {CELL_NAME=~"u_ila_0"}]
display_hw_ila_data [upload_hw_ila_data [get_hw_ilas -of_objects [get_hw_devices xc7s50_0] -filter {CELL_NAME=~"u_ila_0"}]]
add_wave -into {hw_ila_data_1.wcfg} -radix hex { {x0_OBUF} }
set_property CAPTURE_COMPARE_VALUE eq1'bR [get_hw_probes sclk_OBUF -of_objects [get_hw_ilas -of_objects [get_hw_devices xc7s50_0] -filter {CELL_NAME=~"u_ila_0"}]]
set_property PROBES.FILE {C:/Users/conno/Documents/Stuff/UIUC/2024-2025/FALL/ECE385/final/repo/SPI_testing/SPI_testing.runs/impl_1/adxl345_top.ltx} [get_hw_devices xc7s50_0]
set_property FULL_PROBES.FILE {C:/Users/conno/Documents/Stuff/UIUC/2024-2025/FALL/ECE385/final/repo/SPI_testing/SPI_testing.runs/impl_1/adxl345_top.ltx} [get_hw_devices xc7s50_0]
set_property PROGRAM.FILE {C:/Users/conno/Documents/Stuff/UIUC/2024-2025/FALL/ECE385/final/repo/SPI_testing/SPI_testing.runs/impl_1/adxl345_top.bit} [get_hw_devices xc7s50_0]
program_hw_devices [get_hw_devices xc7s50_0]
refresh_hw_device [lindex [get_hw_devices xc7s50_0] 0]
run_hw_ila [get_hw_ilas -of_objects [get_hw_devices xc7s50_0] -filter {CELL_NAME=~"u_ila_0"}]
wait_on_hw_ila [get_hw_ilas -of_objects [get_hw_devices xc7s50_0] -filter {CELL_NAME=~"u_ila_0"}]
display_hw_ila_data [upload_hw_ila_data [get_hw_ilas -of_objects [get_hw_devices xc7s50_0] -filter {CELL_NAME=~"u_ila_0"}]]
set_property CAPTURE_COMPARE_VALUE eq1'bX [get_hw_probes sclk_OBUF -of_objects [get_hw_ilas -of_objects [get_hw_devices xc7s50_0] -filter {CELL_NAME=~"u_ila_0"}]]
set_property CAPTURE_COMPARE_VALUE eq8'bXXXX_XXXX [get_hw_probes x0_OBUF -of_objects [get_hw_ilas -of_objects [get_hw_devices xc7s50_0] -filter {CELL_NAME=~"u_ila_0"}]]
set_property CAPTURE_COMPARE_VALUE eq8'bRRRR_RRRR [get_hw_probes x0_OBUF -of_objects [get_hw_ilas -of_objects [get_hw_devices xc7s50_0] -filter {CELL_NAME=~"u_ila_0"}]]
set_property CAPTURE_COMPARE_VALUE eq8'hXX [get_hw_probes x0_OBUF -of_objects [get_hw_ilas -of_objects [get_hw_devices xc7s50_0] -filter {CELL_NAME=~"u_ila_0"}]]
set_property CAPTURE_COMPARE_VALUE eq8'hBB [get_hw_probes x0_OBUF -of_objects [get_hw_ilas -of_objects [get_hw_devices xc7s50_0] -filter {CELL_NAME=~"u_ila_0"}]]
set_property CAPTURE_COMPARE_VALUE eq8'b1011_1011 [get_hw_probes x0_OBUF -of_objects [get_hw_ilas -of_objects [get_hw_devices xc7s50_0] -filter {CELL_NAME=~"u_ila_0"}]]
set_property CAPTURE_COMPARE_VALUE eq8'hBB [get_hw_probes x0_OBUF -of_objects [get_hw_ilas -of_objects [get_hw_devices xc7s50_0] -filter {CELL_NAME=~"u_ila_0"}]]
set_property CAPTURE_COMPARE_VALUE eq8'b1011_1011 [get_hw_probes x0_OBUF -of_objects [get_hw_ilas -of_objects [get_hw_devices xc7s50_0] -filter {CELL_NAME=~"u_ila_0"}]]
set_property CAPTURE_COMPARE_VALUE eq8'hBB [get_hw_probes x0_OBUF -of_objects [get_hw_ilas -of_objects [get_hw_devices xc7s50_0] -filter {CELL_NAME=~"u_ila_0"}]]
set_property PROBES.FILE {C:/Users/conno/Documents/Stuff/UIUC/2024-2025/FALL/ECE385/final/repo/SPI_testing/SPI_testing.runs/impl_1/adxl345_top.ltx} [get_hw_devices xc7s50_0]
set_property FULL_PROBES.FILE {C:/Users/conno/Documents/Stuff/UIUC/2024-2025/FALL/ECE385/final/repo/SPI_testing/SPI_testing.runs/impl_1/adxl345_top.ltx} [get_hw_devices xc7s50_0]
set_property PROGRAM.FILE {C:/Users/conno/Documents/Stuff/UIUC/2024-2025/FALL/ECE385/final/repo/SPI_testing/SPI_testing.runs/impl_1/adxl345_top.bit} [get_hw_devices xc7s50_0]
program_hw_devices [get_hw_devices xc7s50_0]
refresh_hw_device [lindex [get_hw_devices xc7s50_0] 0]
run_hw_ila [get_hw_ilas -of_objects [get_hw_devices xc7s50_0] -filter {CELL_NAME=~"u_ila_0"}]
wait_on_hw_ila -timeout 0 [get_hw_ilas -of_objects [get_hw_devices xc7s50_0] -filter {CELL_NAME=~"u_ila_0"}]
display_hw_ila_data [upload_hw_ila_data [get_hw_ilas -of_objects [get_hw_devices xc7s50_0] -filter {CELL_NAME=~"u_ila_0"}]]
set_property CAPTURE_COMPARE_VALUE eq8'h0B [get_hw_probes x0_OBUF -of_objects [get_hw_ilas -of_objects [get_hw_devices xc7s50_0] -filter {CELL_NAME=~"u_ila_0"}]]
run_hw_ila [get_hw_ilas -of_objects [get_hw_devices xc7s50_0] -filter {CELL_NAME=~"u_ila_0"}]
wait_on_hw_ila [get_hw_ilas -of_objects [get_hw_devices xc7s50_0] -filter {CELL_NAME=~"u_ila_0"}]
display_hw_ila_data [upload_hw_ila_data [get_hw_ilas -of_objects [get_hw_devices xc7s50_0] -filter {CELL_NAME=~"u_ila_0"}]]
set_property CAPTURE_COMPARE_VALUE eq8'b0000_1011 [get_hw_probes x0_OBUF -of_objects [get_hw_ilas -of_objects [get_hw_devices xc7s50_0] -filter {CELL_NAME=~"u_ila_0"}]]
set_property CAPTURE_COMPARE_VALUE eq8'hXX [get_hw_probes x0_OBUF -of_objects [get_hw_ilas -of_objects [get_hw_devices xc7s50_0] -filter {CELL_NAME=~"u_ila_0"}]]
set_property CAPTURE_COMPARE_VALUE eq8'bXXXX_XXXX [get_hw_probes x0_OBUF -of_objects [get_hw_ilas -of_objects [get_hw_devices xc7s50_0] -filter {CELL_NAME=~"u_ila_0"}]]
set_property CAPTURE_COMPARE_VALUE eq8'bBBBB_BBBB [get_hw_probes x0_OBUF -of_objects [get_hw_ilas -of_objects [get_hw_devices xc7s50_0] -filter {CELL_NAME=~"u_ila_0"}]]
set_property PROBES.FILE {C:/Users/conno/Documents/Stuff/UIUC/2024-2025/FALL/ECE385/final/repo/SPI_testing/SPI_testing.runs/impl_1/adxl345_top.ltx} [get_hw_devices xc7s50_0]
set_property FULL_PROBES.FILE {C:/Users/conno/Documents/Stuff/UIUC/2024-2025/FALL/ECE385/final/repo/SPI_testing/SPI_testing.runs/impl_1/adxl345_top.ltx} [get_hw_devices xc7s50_0]
set_property PROGRAM.FILE {C:/Users/conno/Documents/Stuff/UIUC/2024-2025/FALL/ECE385/final/repo/SPI_testing/SPI_testing.runs/impl_1/adxl345_top.bit} [get_hw_devices xc7s50_0]
program_hw_devices [get_hw_devices xc7s50_0]
refresh_hw_device [lindex [get_hw_devices xc7s50_0] 0]
run_hw_ila [get_hw_ilas -of_objects [get_hw_devices xc7s50_0] -filter {CELL_NAME=~"u_ila_0"}]
wait_on_hw_ila -timeout 0 [get_hw_ilas -of_objects [get_hw_devices xc7s50_0] -filter {CELL_NAME=~"u_ila_0"}]
display_hw_ila_data [upload_hw_ila_data [get_hw_ilas -of_objects [get_hw_devices xc7s50_0] -filter {CELL_NAME=~"u_ila_0"}]]
set_property CAPTURE_COMPARE_VALUE eq8'hXX [get_hw_probes x0_OBUF -of_objects [get_hw_ilas -of_objects [get_hw_devices xc7s50_0] -filter {CELL_NAME=~"u_ila_0"}]]
set_property CAPTURE_COMPARE_VALUE eq1'bB [get_hw_probes miso_IBUF -of_objects [get_hw_ilas -of_objects [get_hw_devices xc7s50_0] -filter {CELL_NAME=~"u_ila_0"}]]
set_property CAPTURE_COMPARE_VALUE eq1'bR [get_hw_probes miso_IBUF -of_objects [get_hw_ilas -of_objects [get_hw_devices xc7s50_0] -filter {CELL_NAME=~"u_ila_0"}]]
set_property PROBES.FILE {C:/Users/conno/Documents/Stuff/UIUC/2024-2025/FALL/ECE385/final/repo/SPI_testing/SPI_testing.runs/impl_1/adxl345_top.ltx} [get_hw_devices xc7s50_0]
set_property FULL_PROBES.FILE {C:/Users/conno/Documents/Stuff/UIUC/2024-2025/FALL/ECE385/final/repo/SPI_testing/SPI_testing.runs/impl_1/adxl345_top.ltx} [get_hw_devices xc7s50_0]
set_property PROGRAM.FILE {C:/Users/conno/Documents/Stuff/UIUC/2024-2025/FALL/ECE385/final/repo/SPI_testing/SPI_testing.runs/impl_1/adxl345_top.bit} [get_hw_devices xc7s50_0]
program_hw_devices [get_hw_devices xc7s50_0]
refresh_hw_device [lindex [get_hw_devices xc7s50_0] 0]
run_hw_ila [get_hw_ilas -of_objects [get_hw_devices xc7s50_0] -filter {CELL_NAME=~"u_ila_0"}]
wait_on_hw_ila [get_hw_ilas -of_objects [get_hw_devices xc7s50_0] -filter {CELL_NAME=~"u_ila_0"}]
display_hw_ila_data [upload_hw_ila_data [get_hw_ilas -of_objects [get_hw_devices xc7s50_0] -filter {CELL_NAME=~"u_ila_0"}]]
