#-----------------------------------------------------------
# Vivado v2022.2 (64-bit)
# SW Build 3671981 on Fri Oct 14 05:00:03 MDT 2022
# IP Build 3669848 on Fri Oct 14 08:30:02 MDT 2022
# Start of session at: Thu Dec 12 22:04:17 2024
# Process ID: 36884
# Current directory: C:/Users/conno/Documents/Stuff/UIUC/2024-2025/FALL/ECE385/final/repo/HUB75_testing/HUB75_testing.runs/synth_1
# Command line: vivado.exe -log controller_moving_test.vds -product Vivado -mode batch -messageDb vivado.pb -notrace -source controller_moving_test.tcl
# Log file: C:/Users/conno/Documents/Stuff/UIUC/2024-2025/FALL/ECE385/final/repo/HUB75_testing/HUB75_testing.runs/synth_1/controller_moving_test.vds
# Journal file: C:/Users/conno/Documents/Stuff/UIUC/2024-2025/FALL/ECE385/final/repo/HUB75_testing/HUB75_testing.runs/synth_1\vivado.jou
# Running On: Connors_laptop, OS: Windows, CPU Frequency: 2496 MHz, CPU Physical cores: 12, Host memory: 34042 MB
#-----------------------------------------------------------
source controller_moving_test.tcl -notrace
